// Jest Snapshot v1, https://goo.gl/fbAQLP

exports[`2014uk16rfop001 CSV transformer Produces correct JSON output structure 1`] = `
Object {
  "action": "",
  "budget": Object {
    "eu_contrib": Object {
      "currency": "GBP",
      "raw": "53%;;;;;;;;;",
      "value": 130910000,
    },
    "funding_area": Array [],
    "mmf_heading": "",
    "other_contrib": Object {
      "currency": "",
      "raw": "",
      "value": 0,
    },
    "private_fund": Object {
      "currency": "",
      "raw": "",
      "value": 0,
    },
    "public_fund": Object {
      "currency": "",
      "raw": "",
      "value": 0,
    },
    "total_cost": Object {
      "currency": "GBP",
      "raw": "ï¿½247,000,000;;;;;;;;;",
      "value": 247000000,
    },
  },
  "call_year": "",
  "complete": false,
  "description": "Summary of project(max 100 words): NOMS CFO delivers services which prepare offenders to access mainstream employment, training and education. There is a focus on offenders with multiple barriers and those who fall into designated hard to reach categories. A strong focus on hard to reach groups remains at the centre of CFO delivery.  Current mainstream provision is not accessible for many offenders with often limited benefits for those who have been excluded from such activity. NOMS CFO will give them the skills to engage with the mainstream.  
Local enterprise partnership area: National 
",
  "ec_priorities": Array [],
  "media": Array [],
  "programme_name": "",
  "project_id": "67a9d35a1b9d8c961b81138799089b78",
  "project_locations": Array [
    Object {
      "address": "",
      "centroid": null,
      "country_code": "GB",
      "location": null,
      "nuts": Array [],
      "postal_code": "",
      "region": "National",
      "town": "",
    },
    Object {
      "address": "",
      "centroid": null,
      "country_code": "GB",
      "location": null,
      "nuts": Array [],
      "postal_code": "",
      "region": "South West",
      "town": "",
    },
    Object {
      "address": "",
      "centroid": null,
      "country_code": "GB",
      "location": null,
      "nuts": Array [],
      "postal_code": "",
      "region": "North West",
      "town": "",
    },
    Object {
      "address": "",
      "centroid": null,
      "country_code": "GB",
      "location": null,
      "nuts": Array [],
      "postal_code": "",
      "region": "South East",
      "town": "",
    },
    Object {
      "address": "",
      "centroid": null,
      "country_code": "GB",
      "location": null,
      "nuts": Array [],
      "postal_code": "",
      "region": "East",
      "town": "",
    },
    Object {
      "address": "",
      "centroid": null,
      "country_code": "GB",
      "location": null,
      "nuts": Array [],
      "postal_code": "",
      "region": "London",
      "town": "",
    },
    Object {
      "address": "",
      "centroid": null,
      "country_code": "GB",
      "location": null,
      "nuts": Array [],
      "postal_code": "",
      "region": "East Midlands",
      "town": "",
    },
    Object {
      "address": "",
      "centroid": null,
      "country_code": "GB",
      "location": null,
      "nuts": Array [],
      "postal_code": "",
      "region": "West Midlands",
      "town": "",
    },
    Object {
      "address": "",
      "centroid": null,
      "country_code": "GB",
      "location": null,
      "nuts": Array [],
      "postal_code": "",
      "region": "North East",
      "town": "",
    },
    Object {
      "address": "",
      "centroid": null,
      "country_code": "GB",
      "location": null,
      "nuts": Array [],
      "postal_code": "",
      "region": "Yorkshire",
      "town": "",
    },
  ],
  "project_website": "",
  "related_links": Array [],
  "reporting_organisation": "Member states",
  "results": Object {
    "available": "",
    "result": "",
  },
  "status": "",
  "sub_programme_name": "",
  "success_story": "",
  "themes": Array [
    "Social Inclusion",
  ],
  "third_parties": Array [
    Object {
      "address": "",
      "country": "England",
      "email": "",
      "name": "NOMS CFO",
      "phone": "",
      "region": "",
      "role": "Beneficiary",
      "type": "",
      "website": "",
    },
  ],
  "timeframe": Object {
    "from": "2015-03-31T21:00:00.000Z",
    "from_precision": "day",
    "to": "2020-11-30T22:00:00.000Z",
    "to_precision": "day",
  },
  "title": "CFO3",
  "type": Array [
    "ESF",
  ],
}
`;
