// Jest Snapshot v1, https://goo.gl/fbAQLP

exports[`Enrichment module When a record contains a foreign currency, try to convert it 1`] = `
Object {
  "action": "",
  "budget": Object {
    "eu_contrib": Object {
      "_original": Object {
        "currency": "USD",
        "raw": "USD 457000",
        "value": 457000,
      },
      "currency": "EUR",
      "raw": "EUR 367400",
      "value": 367400,
    },
    "funding_area": Array [],
    "mmf_heading": "",
    "other_contrib": Object {
      "currency": "",
      "raw": "",
      "value": 0,
    },
    "private_fund": Object {
      "currency": "",
      "raw": "",
      "value": 0,
    },
    "public_fund": Object {
      "currency": "",
      "raw": "",
      "value": 0,
    },
    "total_cost": Object {
      "currency": "",
      "raw": "",
      "value": 0,
    },
  },
  "call_year": "",
  "computed_key": "iati/45da84c2-a349-4610-a03a-85ad86d092fd.csv.ndjson",
  "created_by": "AWS:AROAIJA6MYF2IOUY6G5TU:chernka1622-ingestion-etl-iati-csv-parseCsv",
  "description": "bar",
  "ec_priorities": Array [],
  "last_modified": "2018-04-13T07:09:16.000Z",
  "media": Object {
    "cover_image": "",
    "video": "",
  },
  "programme_name": "",
  "project_id": "2b6cdeacbf83f07fb795b393f15df20f",
  "project_locations": Array [
    Object {
      "address": "",
      "centroid": null,
      "country_code": "BE",
      "location": null,
      "nuts": Array [],
      "postal_code": "",
      "region": "235",
      "town": "",
    },
  ],
  "project_website": "",
  "related_links": Array [],
  "reporting_organisation": "European Commission - Development and Cooperation-EuropeAid",
  "results": Object {
    "available": "",
    "result": "",
  },
  "status": "",
  "sub_programme_name": "",
  "success_story": "",
  "themes": Array [],
  "third_parties": Array [],
  "timeframe": Object {
    "from": "2005-02-01T00:00:00.000Z",
    "to": "2005-10-31T00:00:00.000Z",
  },
  "title": "Foo",
  "type": Array [],
}
`;

exports[`Enrichment module When empty objects: does not do anything 1`] = `Object {}`;
